// Jest Snapshot v1, https://goo.gl/fbAQLP

exports[`Footer should render 1`] = `
<footer
  className="yta_Footer"
>
  <h2
    className="yta_u-onlyRead"
  >
    Redes sociales
  </h2>
  <ul
    className="yta_Footer-socialNetwork"
  >
    <SocialNetwork
      key="facebook"
      site="facebook"
    />
    <SocialNetwork
      key="twitter"
      site="twitter"
    />
    <SocialNetwork
      key="instagram"
      site="instagram"
    />
    <SocialNetwork
      key="youtube"
      site="youtube"
    />
  </ul>
  <p
    className="yta_Footer-copyright"
  >
    Copyright Â© 2018 Yo te adopto.
  </p>
</footer>
`;
