// Jest Snapshot v1, https://goo.gl/fbAQLP

exports[`MainLayout should render 1`] = `
<Fragment>
  <Header />
  <main>
    <LandingPage />
  </main>
  <Footer />
</Fragment>
`;
