// Jest Snapshot v1, https://goo.gl/fbAQLP

exports[`HeaderLink should render 1`] = `
<li
  className="yta_Header-menu-list-item"
>
  <button
    className="yta_Link-underline--primary"
    onClick={[MockFunction]}
    type="button"
  >
    fake link
  </button>
</li>
`;
